// Jest Snapshot v1, https://goo.gl/fbAQLP

exports[`code field should render correctly 1`] = `

<div class="formatic">
  <div class="optional">
    <div class>
      <span class="required-label not-required-text">
      </span>
    </div>
    <span>
    </span>
    <fieldset class>
      <div class="optional">
        <div class>
          <span class="required-label not-required-text">
          </span>
        </div>
        <span>
        </span>
        <div class="pretty-text-wrapper">
          <div class="pretty-text-box"
               role="presentation"
               tabindex="0"
          >
            <div class="internal-text-wrapper">
              <div class="CodeMirror cm-s-default CodeMirror-wrap">
                <div style="overflow: hidden; position: relative; width: 3px; height: 0px;">
                  <textarea style="position: absolute; bottom: -1em; padding: 0px; width: 1000px; height: 1em; outline: none;"
                            autocorrect="off"
                            autocapitalize="off"
                            spellcheck="false"
                            tabindex="0"
                            aria-label="code block"
                  >
                  </textarea>
                </div>
                <div class="CodeMirror-vscrollbar"
                     tabindex="-1"
                     cm-not-content="true"
                >
                  <div style="min-width: 1px;">
                  </div>
                </div>
                <div class="CodeMirror-hscrollbar"
                     tabindex="-1"
                     cm-not-content="true"
                >
                  <div style="height: 100%; min-height: 1px;">
                  </div>
                </div>
                <div class="CodeMirror-scrollbar-filler"
                     cm-not-content="true"
                >
                </div>
                <div class="CodeMirror-gutter-filler"
                     cm-not-content="true"
                >
                </div>
                <div class="CodeMirror-scroll"
                     tabindex="-1"
                >
                  <div class="CodeMirror-sizer"
                       style="margin-left: 0px;"
                  >
                    <div style="position: relative;">
                      <div class="CodeMirror-lines"
                           role="presentation"
                      >
                        <div style="position: relative; outline: none;"
                             role="presentation"
                        >
                          <div class="CodeMirror-measure">
                            <pre>
                              <span>
                                xxxxxxxxxx
                              </span>
                            </pre>
                          </div>
                          <div class="CodeMirror-measure">
                          </div>
                          <div style="position: relative; z-index: 1;">
                          </div>
                          <div class="CodeMirror-cursors">
                          </div>
                          <div class="CodeMirror-code"
                               role="presentation"
                          >
                          </div>
                        </div>
                      </div>
                    </div>
                  </div>
                  <div style="position: absolute; height: 30px; width: 1px;">
                  </div>
                  <div class="CodeMirror-gutters"
                       style="display: none;"
                  >
                  </div>
                </div>
              </div>
            </div>
          </div>
        </div>
      </div>
    </fieldset>
  </div>
</div>

`;
